2026-09-04 15:55:12,681 - INFO - Created logs/laies-paper/2m_vs_1z/laies-noanneal (LAIES-QRNN) on ConfiguredSMAC-2m_vs_1z
2026-09-04 15:55:12,710 - INFO - Training 6 runs with 6 parallel jobs.
Version: B75689 (SC2.4.10)
Build: Aug 12 2019 17:16:57
Command Line: '"/home/yamoling/3rdparty/StarCraftII/Versions/Base75689/SC2_x64" -listen 127.0.0.1 -port 41595 -dataDir /home/yamoling/3rdparty/StarCraftII/ -tempDir /tmp/sc-_s5_dzg6/'
Starting up...
Startup Phase 1 complete
Startup Phase 2 complete
Creating stub renderer...
Listening on: 127.0.0.1:41595
Startup Phase 3 complete. Ready for commands.
ConnectHandler: Request from 127.0.0.1:41558 accepted
ReadyHandler: 127.0.0.1:41558 ready
Requesting to join a single player game
Configuring interface options
Configure: raw interface enabled
Configure: feature layer interface disabled
Configure: score interface disabled
Configure: render interface disabled
Launching next game.
Next launch phase started: 2
Next launch phase started: 3
Next launch phase started: 4
Next launch phase started: 5
Next launch phase started: 6
Next launch phase started: 7
Next launch phase started: 8
2026-09-04 15:55:31,405 - INFO - Estimated GPU memory usage of a single run: 160 MB
2026-09-04 15:55:31,485 - INFO - Preplanned device assignments for scatter strategy: [0, 7, 0, 7, 0]
Version: B75689 (SC2.4.10)
Build: Aug 12 2019 17:16:57
Command Line: '"/home/yamoling/3rdparty/StarCraftII/Versions/Base75689/SC2_x64" -listen 127.0.0.1 -port 45233 -dataDir /home/yamoling/3rdparty/StarCraftII/ -tempDir /tmp/sc-djqow3qe/'
Starting up...
Startup Phase 1 complete
Version: B75689 (SC2.4.10)
Build: Aug 12 2019 17:16:57
Command Line: '"/home/yamoling/3rdparty/StarCraftII/Versions/Base75689/SC2_x64" -listen 127.0.0.1 -port 38947 -dataDir /home/yamoling/3rdparty/StarCraftII/ -tempDir /tmp/sc-ohvbi_fg/'
Starting up...
Startup Phase 1 complete
Version: B75689 (SC2.4.10)
Build: Aug 12 2019 17:16:57
Command Line: '"/home/yamoling/3rdparty/StarCraftII/Versions/Base75689/SC2_x64" -listen 127.0.0.1 -port 41327 -dataDir /home/yamoling/3rdparty/StarCraftII/ -tempDir /tmp/sc-w58zahuq/'
Version: B75689 (SC2.4.10)
Build: Aug 12 2019 17:16:57
Command Line: '"/home/yamoling/3rdparty/StarCraftII/Versions/Base75689/SC2_x64" -listen 127.0.0.1 -port 34689 -dataDir /home/yamoling/3rdparty/StarCraftII/ -tempDir /tmp/sc-86qftcu7/'
Starting up...
Version: B75689 (SC2.4.10)
Build: Aug 12 2019 17:16:57
Command Line: '"/home/yamoling/3rdparty/StarCraftII/Versions/Base75689/SC2_x64" -listen 127.0.0.1 -port 33253 -dataDir /home/yamoling/3rdparty/StarCraftII/ -tempDir /tmp/sc-7f6pf0y7/'
Starting up...
Startup Phase 1 complete
Starting up...
Startup Phase 1 complete
Startup Phase 1 complete
Game has started.
Using default stable ids, none found at: /home/yamoling/3rdparty/StarCraftII/stableid.json
Successfully loaded stable ids: GameData\stableid.json
Sending ResponseJoinGame
Version: B75689 (SC2.4.10)
Build: Aug 12 2019 17:16:57
Command Line: '"/home/yamoling/3rdparty/StarCraftII/Versions/Base75689/SC2_x64" -listen 127.0.0.1 -port 46139 -dataDir /home/yamoling/3rdparty/StarCraftII/ -tempDir /tmp/sc-hnzn96ap/'
Starting up...
Startup Phase 1 complete
Startup Phase 2 complete
Creating stub renderer...
Startup Phase 2 complete
Creating stub renderer...
Startup Phase 2 complete
Creating stub renderer...
Startup Phase 2 complete
Creating stub renderer...
Startup Phase 2 complete
Creating stub renderer...
Startup Phase 2 complete
Creating stub renderer...
Listening on: 127.0.0.1:45233
Startup Phase 3 complete. Ready for commands.
Listening on: 127.0.0.1:38947
Startup Phase 3 complete. Ready for commands.
Listening on: 127.0.0.1:34689
Startup Phase 3 complete. Ready for commands.
Listening on: 127.0.0.1:33253
Startup Phase 3 complete. Ready for commands.
Listening on: 127.0.0.1:41327
Startup Phase 3 complete. Ready for commands.
Listening on: 127.0.0.1:46139
Startup Phase 3 complete. Ready for commands.
ConnectHandler: Request from 127.0.0.1:36608 accepted
ReadyHandler: 127.0.0.1:36608 ready
Requesting to join a single player game
Configuring interface options
Configure: raw interface enabled
Configure: feature layer interface disabled
Configure: score interface disabled
Configure: render interface disabled
Launching next game.
Next launch phase started: 2
Next launch phase started: 3
Next launch phase started: 4
Next launch phase started: 5
Next launch phase started: 6
Next launch phase started: 7
Next launch phase started: 8
ConnectHandler: Request from 127.0.0.1:38396 accepted
ReadyHandler: 127.0.0.1:38396 ready
Requesting to join a single player game
Configuring interface options
Configure: raw interface enabled
Configure: feature layer interface disabled
Configure: score interface disabled
Configure: render interface disabled
Launching next game.
Next launch phase started: 2
Next launch phase started: 3
Next launch phase started: 4
Next launch phase started: 5
Next launch phase started: 6
Next launch phase started: 7
Next launch phase started: 8
ConnectHandler: Request from 127.0.0.1:56788 accepted
ReadyHandler: 127.0.0.1:56788 ready
Requesting to join a single player game
Configuring interface options
Configure: raw interface enabled
Configure: feature layer interface disabled
Configure: score interface disabled
Configure: render interface disabled
Launching next game.
Next launch phase started: 2
Next launch phase started: 3
ConnectHandler: Request from 127.0.0.1:50752 accepted
ReadyHandler: 127.0.0.1:50752 ready
Next launch phase started: 4
Next launch phase started: 5
Next launch phase started: 6
Next launch phase started: 7
Next launch phase started: 8
Requesting to join a single player game
Configuring interface options
Configure: raw interface enabled
Configure: feature layer interface disabled
Configure: score interface disabled
Configure: render interface disabled
Launching next game.
ConnectHandler: Request from 127.0.0.1:48472 accepted
ReadyHandler: 127.0.0.1:48472 ready
Next launch phase started: 2
Next launch phase started: 3
Next launch phase started: 4
Next launch phase started: 5
Next launch phase started: 6
Next launch phase started: 7
Next launch phase started: 8
Requesting to join a single player game
Configuring interface options
Configure: raw interface enabled
Configure: feature layer interface disabled
Configure: score interface disabled
Configure: render interface disabled
Launching next game.
Next launch phase started: 2
Next launch phase started: 3
Next launch phase started: 4
Next launch phase started: 5
Next launch phase started: 6
Next launch phase started: 7
Next launch phase started: 8
ConnectHandler: Request from 127.0.0.1:54758 accepted
ReadyHandler: 127.0.0.1:54758 ready
Requesting to join a single player game
Configuring interface options
Configure: raw interface enabled
Configure: feature layer interface disabled
Configure: score interface disabled
Configure: render interface disabled
Launching next game.
Next launch phase started: 2
Next launch phase started: 3
Next launch phase started: 4
Next launch phase started: 5
Next launch phase started: 6
Next launch phase started: 7
Next launch phase started: 8
Game has started.
Using default stable ids, none found at: /home/yamoling/3rdparty/StarCraftII/stableid.json
Successfully loaded stable ids: GameData\stableid.json
Sending ResponseJoinGame
Version: B75689 (SC2.4.10)
Build: Aug 12 2019 17:16:57
Command Line: '"/home/yamoling/3rdparty/StarCraftII/Versions/Base75689/SC2_x64" -listen 127.0.0.1 -port 33001 -dataDir /home/yamoling/3rdparty/StarCraftII/ -tempDir /tmp/sc-0isz2d69/'
Starting up...
Startup Phase 1 complete
Game has started.
Using default stable ids, none found at: /home/yamoling/3rdparty/StarCraftII/stableid.json
Successfully loaded stable ids: GameData\stableid.json
Game has started.
Using default stable ids, none found at: /home/yamoling/3rdparty/StarCraftII/stableid.json
Sending ResponseJoinGame
Game has started.
Using default stable ids, none found at: /home/yamoling/3rdparty/StarCraftII/stableid.json
Successfully loaded stable ids: GameData\stableid.json
Successfully loaded stable ids: GameData\stableid.json
Version: B75689 (SC2.4.10)
Build: Aug 12 2019 17:16:57
Command Line: '"/home/yamoling/3rdparty/StarCraftII/Versions/Base75689/SC2_x64" -listen 127.0.0.1 -port 40753 -dataDir /home/yamoling/3rdparty/StarCraftII/ -tempDir /tmp/sc-g224wmzz/'
Sending ResponseJoinGame
Sending ResponseJoinGame
Starting up...
Game has started.
Using default stable ids, none found at: /home/yamoling/3rdparty/StarCraftII/stableid.json
Version: B75689 (SC2.4.10)
Build: Aug 12 2019 17:16:57
Command Line: '"/home/yamoling/3rdparty/StarCraftII/Versions/Base75689/SC2_x64" -listen 127.0.0.1 -port 43609 -dataDir /home/yamoling/3rdparty/StarCraftII/ -tempDir /tmp/sc-nkdpsykq/'
Successfully loaded stable ids: GameData\stableid.json
Version: B75689 (SC2.4.10)
Build: Aug 12 2019 17:16:57
Command Line: '"/home/yamoling/3rdparty/StarCraftII/Versions/Base75689/SC2_x64" -listen 127.0.0.1 -port 33983 -dataDir /home/yamoling/3rdparty/StarCraftII/ -tempDir /tmp/sc-6y5gpb_0/'
Startup Phase 1 complete
Sending ResponseJoinGame
Starting up...
Starting up...
Version: B75689 (SC2.4.10)
Build: Aug 12 2019 17:16:57
Command Line: '"/home/yamoling/3rdparty/StarCraftII/Versions/Base75689/SC2_x64" -listen 127.0.0.1 -port 40763 -dataDir /home/yamoling/3rdparty/StarCraftII/ -tempDir /tmp/sc-pvv99ynk/'
Startup Phase 1 complete
Startup Phase 1 complete
Starting up...
Startup Phase 1 complete
Game has started.
Using default stable ids, none found at: /home/yamoling/3rdparty/StarCraftII/stableid.json
Successfully loaded stable ids: GameData\stableid.json
Sending ResponseJoinGame
Deferred error: 536936448 (0x20010000)
Deferred error details: Bad profiling data. TimeMS: 12949414.000000 Conversion: 1.000000e-03
WARNING:marl.env.config.others:SMAC cannot be reseeded once StarCraft II is running: test episodes are not seeded.
Startup Phase 2 complete
Creating stub renderer...
Startup Phase 2 complete
Creating stub renderer...
Startup Phase 2 complete
Creating stub renderer...
Startup Phase 2 complete
Creating stub renderer...
Startup Phase 2 complete
Creating stub renderer...
Listening on: 127.0.0.1:33001
Startup Phase 3 complete. Ready for commands.
Listening on: 127.0.0.1:40753
Startup Phase 3 complete. Ready for commands.
Listening on: 127.0.0.1:33983
Listening on: 127.0.0.1:43609
Startup Phase 3 complete. Ready for commands.
Startup Phase 3 complete. Ready for commands.
Listening on: 127.0.0.1:40763
Startup Phase 3 complete. Ready for commands.
ConnectHandler: Request from 127.0.0.1:55968 accepted
ReadyHandler: 127.0.0.1:55968 ready
Requesting to join a single player game
Configuring interface options
Configure: raw interface enabled
Configure: feature layer interface disabled
Configure: score interface disabled
Configure: render interface disabled
Launching next game.
Next launch phase started: 2
Next launch phase started: 3
Next launch phase started: 4
Next launch phase started: 5
Next launch phase started: 6
Next launch phase started: 7
Next launch phase started: 8
ConnectHandler: Request from 127.0.0.1:52492 accepted
ReadyHandler: 127.0.0.1:52492 ready
Requesting to join a single player game
Configuring interface options
Configure: raw interface enabled
Configure: feature layer interface disabled
Configure: score interface disabled
Configure: render interface disabled
Launching next game.
Next launch phase started: 2
Next launch phase started: 3
Next launch phase started: 4
Next launch phase started: 5
Next launch phase started: 6
Next launch phase started: 7
Next launch phase started: 8
ConnectHandler: Request from 127.0.0.1:51300 accepted
ReadyHandler: 127.0.0.1:51300 ready
ConnectHandler: Request from 127.0.0.1:58066 accepted
ReadyHandler: 127.0.0.1:58066 ready
Requesting to join a single player game
Configuring interface options
Configure: raw interface enabled
Configure: feature layer interface disabled
Configure: score interface disabled
Configure: render interface disabled
Launching next game.
Next launch phase started: 2
Next launch phase started: 3
Next launch phase started: 4
Next launch phase started: 5
Next launch phase started: 6
Next launch phase started: 7
Next launch phase started: 8
Requesting to join a single player game
Configuring interface options
Configure: raw interface enabled
Configure: feature layer interface disabled
Configure: score interface disabled
Configure: render interface disabled
Launching next game.
Next launch phase started: 2
Next launch phase started: 3
Next launch phase started: 4
Next launch phase started: 5
Next launch phase started: 6
Next launch phase started: 7
Next launch phase started: 8
ConnectHandler: Request from 127.0.0.1:43890 accepted
ReadyHandler: 127.0.0.1:43890 ready
Requesting to join a single player game
Configuring interface options
Configure: raw interface enabled
Configure: feature layer interface disabled
Configure: score interface disabled
Configure: render interface disabled
Launching next game.
Next launch phase started: 2
Next launch phase started: 3
Next launch phase started: 4
Next launch phase started: 5
Next launch phase started: 6
Next launch phase started: 7
Next launch phase started: 8
Game has started.
Using default stable ids, none found at: /home/yamoling/3rdparty/StarCraftII/stableid.json
Successfully loaded stable ids: GameData\stableid.json
Sending ResponseJoinGame
Game has started.
Using default stable ids, none found at: /home/yamoling/3rdparty/StarCraftII/stableid.json
Successfully loaded stable ids: GameData\stableid.json
Sending ResponseJoinGame
Game has started.
Using default stable ids, none found at: /home/yamoling/3rdparty/StarCraftII/stableid.json
Successfully loaded stable ids: GameData\stableid.json
Sending ResponseJoinGame
Game has started.
Using default stable ids, none found at: /home/yamoling/3rdparty/StarCraftII/stableid.json
Successfully loaded stable ids: GameData\stableid.json
Sending ResponseJoinGame
WARNING:marl.env.config.others:SMAC cannot be reseeded once StarCraft II is running: test episodes are not seeded.
WARNING:marl.env.config.others:SMAC cannot be reseeded once StarCraft II is running: test episodes are not seeded.
Game has started.
Using default stable ids, none found at: /home/yamoling/3rdparty/StarCraftII/stableid.json
Successfully loaded stable ids: GameData\stableid.json
Sending ResponseJoinGame
WARNING:marl.env.config.others:SMAC cannot be reseeded once StarCraft II is running: test episodes are not seeded.
WARNING:marl.env.config.others:SMAC cannot be reseeded once StarCraft II is running: test episodes are not seeded.
WARNING:marl.env.config.others:SMAC cannot be reseeded once StarCraft II is running: test episodes are not seeded.
RequestQuit command received.
Closing Application...
DataHandler: unable to parse websocket frame.
CloseHandler: 127.0.0.1:48472 disconnected
Version: B75689 (SC2.4.10)
Build: Aug 12 2019 17:16:57
Command Line: '"/home/yamoling/3rdparty/StarCraftII/Versions/Base75689/SC2_x64" -listen 127.0.0.1 -port 40571 -dataDir /home/yamoling/3rdparty/StarCraftII/ -tempDir /tmp/sc-9mb0bs7x/'
Starting up...
Startup Phase 1 complete
Startup Phase 2 complete
Creating stub renderer...
Listening on: 127.0.0.1:40571
Startup Phase 3 complete. Ready for commands.
ConnectHandler: Request from 127.0.0.1:57398 accepted
ReadyHandler: 127.0.0.1:57398 ready
Requesting to join a single player game
Configuring interface options
Configure: raw interface enabled
Configure: feature layer interface disabled
Configure: score interface disabled
Configure: render interface disabled
Launching next game.
Next launch phase started: 2
Next launch phase started: 3
Next launch phase started: 4
Next launch phase started: 5
Next launch phase started: 6
Next launch phase started: 7
Next launch phase started: 8
Game has started.
Using default stable ids, none found at: /home/yamoling/3rdparty/StarCraftII/stableid.json
Successfully loaded stable ids: GameData\stableid.json
Sending ResponseJoinGame
RequestQuit command received.
Closing Application...
DataHandler: unable to parse websocket frame.
CloseHandler: 127.0.0.1:41558 disconnected
Version: B75689 (SC2.4.10)
Build: Aug 12 2019 17:16:57
Command Line: '"/home/yamoling/3rdparty/StarCraftII/Versions/Base75689/SC2_x64" -listen 127.0.0.1 -port 37571 -dataDir /home/yamoling/3rdparty/StarCraftII/ -tempDir /tmp/sc-nv8k46rg/'
Starting up...
Startup Phase 1 complete
Startup Phase 2 complete
Creating stub renderer...
Listening on: 127.0.0.1:37571
Startup Phase 3 complete. Ready for commands.
ConnectHandler: Request from 127.0.0.1:60706 accepted
ReadyHandler: 127.0.0.1:60706 ready
Requesting to join a single player game
Configuring interface options
Configure: raw interface enabled
Configure: feature layer interface disabled
Configure: score interface disabled
Configure: render interface disabled
Launching next game.
Next launch phase started: 2
Next launch phase started: 3
Next launch phase started: 4
Next launch phase started: 5
Next launch phase started: 6
Next launch phase started: 7
Next launch phase started: 8
Game has started.
Using default stable ids, none found at: /home/yamoling/3rdparty/StarCraftII/stableid.json
Successfully loaded stable ids: GameData\stableid.json
Sending ResponseJoinGame
RequestQuit command received.
DataHandler: unable to parse websocket frame.
CloseHandler: 127.0.0.1:38396 disconnected
Closing Application...
Version: B75689 (SC2.4.10)
Build: Aug 12 2019 17:16:57
Command Line: '"/home/yamoling/3rdparty/StarCraftII/Versions/Base75689/SC2_x64" -listen 127.0.0.1 -port 37025 -dataDir /home/yamoling/3rdparty/StarCraftII/ -tempDir /tmp/sc-awty2_le/'
Starting up...
Startup Phase 1 complete
Startup Phase 2 complete
Creating stub renderer...
RequestQuit command received.
Closing Application...
DataHandler: unable to parse websocket frame.
CloseHandler: 127.0.0.1:50752 disconnected
Version: B75689 (SC2.4.10)
Build: Aug 12 2019 17:16:57
Command Line: '"/home/yamoling/3rdparty/StarCraftII/Versions/Base75689/SC2_x64" -listen 127.0.0.1 -port 45967 -dataDir /home/yamoling/3rdparty/StarCraftII/ -tempDir /tmp/sc-yo6wsjy7/'
Starting up...
Startup Phase 1 complete
Listening on: 127.0.0.1:37025
Startup Phase 3 complete. Ready for commands.
ConnectHandler: Request from 127.0.0.1:36346 accepted
ReadyHandler: 127.0.0.1:36346 ready
Requesting to join a single player game
Configuring interface options
Configure: raw interface enabled
Configure: feature layer interface disabled
Configure: score interface disabled
Configure: render interface disabled
Launching next game.
Next launch phase started: 2
Next launch phase started: 3
Next launch phase started: 4
Next launch phase started: 5
Next launch phase started: 6
Next launch phase started: 7
Next launch phase started: 8
Startup Phase 2 complete
Creating stub renderer...
Listening on: 127.0.0.1:45967
Startup Phase 3 complete. Ready for commands.
ConnectHandler: Request from 127.0.0.1:36362 accepted
ReadyHandler: 127.0.0.1:36362 ready
Requesting to join a single player game
Configuring interface options
Configure: raw interface enabled
Configure: feature layer interface disabled
Configure: score interface disabled
Configure: render interface disabled
Launching next game.
Next launch phase started: 2
Next launch phase started: 3
Next launch phase started: 4
Next launch phase started: 5
Next launch phase started: 6
Next launch phase started: 7
Next launch phase started: 8
Game has started.
Using default stable ids, none found at: /home/yamoling/3rdparty/StarCraftII/stableid.json
Successfully loaded stable ids: GameData\stableid.json
Sending ResponseJoinGame
RequestQuit command received.
DataHandler: unable to parse websocket frame.
Closing Application...
CloseHandler: 127.0.0.1:36608 disconnected
Version: B75689 (SC2.4.10)
Build: Aug 12 2019 17:16:57
Command Line: '"/home/yamoling/3rdparty/StarCraftII/Versions/Base75689/SC2_x64" -listen 127.0.0.1 -port 34577 -dataDir /home/yamoling/3rdparty/StarCraftII/ -tempDir /tmp/sc-nwoxtsu2/'
Starting up...
Startup Phase 1 complete
Game has started.
Using default stable ids, none found at: /home/yamoling/3rdparty/StarCraftII/stableid.json
Successfully loaded stable ids: GameData\stableid.json
Sending ResponseJoinGame
Startup Phase 2 complete
Creating stub renderer...
Listening on: 127.0.0.1:34577
Startup Phase 3 complete. Ready for commands.
ConnectHandler: Request from 127.0.0.1:48766 accepted
ReadyHandler: 127.0.0.1:48766 ready
Requesting to join a single player game
Configuring interface options
Configure: raw interface enabled
Configure: feature layer interface disabled
Configure: score interface disabled
Configure: render interface disabled
Launching next game.
Next launch phase started: 2
Next launch phase started: 3
Next launch phase started: 4
Next launch phase started: 5
Next launch phase started: 6
Next launch phase started: 7
Next launch phase started: 8
Game has started.
Using default stable ids, none found at: /home/yamoling/3rdparty/StarCraftII/stableid.json
Successfully loaded stable ids: GameData\stableid.json
Sending ResponseJoinGame
RequestQuit command received.
DataHandler: unable to parse websocket frame.
Closing Application...
CloseHandler: 127.0.0.1:56788 disconnected
Version: B75689 (SC2.4.10)
Build: Aug 12 2019 17:16:57
Command Line: '"/home/yamoling/3rdparty/StarCraftII/Versions/Base75689/SC2_x64" -listen 127.0.0.1 -port 45483 -dataDir /home/yamoling/3rdparty/StarCraftII/ -tempDir /tmp/sc-0ktqo00b/'
Starting up...
Startup Phase 1 complete
Startup Phase 2 complete
Creating stub renderer...
Listening on: 127.0.0.1:45483
Startup Phase 3 complete. Ready for commands.
ConnectHandler: Request from 127.0.0.1:44218 accepted
ReadyHandler: 127.0.0.1:44218 ready
Requesting to join a single player game
Configuring interface options
Configure: raw interface enabled
Configure: feature layer interface disabled
Configure: score interface disabled
Configure: render interface disabled
Launching next game.
Next launch phase started: 2
Next launch phase started: 3
Next launch phase started: 4
Next launch phase started: 5
Next launch phase started: 6
Next launch phase started: 7
Next launch phase started: 8
Game has started.
Using default stable ids, none found at: /home/yamoling/3rdparty/StarCraftII/stableid.json
Successfully loaded stable ids: GameData\stableid.json
Sending ResponseJoinGame
RequestQuit command received.
Closing Application...
DataHandler: unable to parse websocket frame.
CloseHandler: 127.0.0.1:57398 disconnected
Version: B75689 (SC2.4.10)
Build: Aug 12 2019 17:16:57
Command Line: '"/home/yamoling/3rdparty/StarCraftII/Versions/Base75689/SC2_x64" -listen 127.0.0.1 -port 33799 -dataDir /home/yamoling/3rdparty/StarCraftII/ -tempDir /tmp/sc-1bhj5xqt/'
Starting up...
Startup Phase 1 complete
Startup Phase 2 complete
Creating stub renderer...
Listening on: 127.0.0.1:33799
Startup Phase 3 complete. Ready for commands.
ConnectHandler: Request from 127.0.0.1:47970 accepted
ReadyHandler: 127.0.0.1:47970 ready
Requesting to join a single player game
Configuring interface options
Configure: raw interface enabled
Configure: feature layer interface disabled
Configure: score interface disabled
Configure: render interface disabled
Launching next game.
Next launch phase started: 2
Next launch phase started: 3
Next launch phase started: 4
Next launch phase started: 5
Next launch phase started: 6
Next launch phase started: 7
Next launch phase started: 8
Game has started.
Using default stable ids, none found at: /home/yamoling/3rdparty/StarCraftII/stableid.json
Successfully loaded stable ids: GameData\stableid.json
Sending ResponseJoinGame
RequestQuit command received.
Closing Application...
DataHandler: unable to parse websocket frame.
CloseHandler: 127.0.0.1:36346 disconnected
Version: B75689 (SC2.4.10)
Build: Aug 12 2019 17:16:57
Command Line: '"/home/yamoling/3rdparty/StarCraftII/Versions/Base75689/SC2_x64" -listen 127.0.0.1 -port 43057 -dataDir /home/yamoling/3rdparty/StarCraftII/ -tempDir /tmp/sc-vh93x5jl/'
Starting up...
Startup Phase 1 complete
Startup Phase 2 complete
Creating stub renderer...
Listening on: 127.0.0.1:43057
Startup Phase 3 complete. Ready for commands.
ConnectHandler: Request from 127.0.0.1:44832 accepted
ReadyHandler: 127.0.0.1:44832 ready
Requesting to join a single player game
Configuring interface options
Configure: raw interface enabled
Configure: feature layer interface disabled
Configure: score interface disabled
Configure: render interface disabled
Launching next game.
Next launch phase started: 2
Next launch phase started: 3
Next launch phase started: 4
Next launch phase started: 5
Next launch phase started: 6
Next launch phase started: 7
Next launch phase started: 8
Game has started.
Using default stable ids, none found at: /home/yamoling/3rdparty/StarCraftII/stableid.json
Successfully loaded stable ids: GameData\stableid.json
Sending ResponseJoinGame
RequestQuit command received.
Closing Application...
DataHandler: unable to parse websocket frame.
CloseHandler: 127.0.0.1:60706 disconnected
Version: B75689 (SC2.4.10)
Build: Aug 12 2019 17:16:57
Command Line: '"/home/yamoling/3rdparty/StarCraftII/Versions/Base75689/SC2_x64" -listen 127.0.0.1 -port 38799 -dataDir /home/yamoling/3rdparty/StarCraftII/ -tempDir /tmp/sc-j5ix1uco/'
Starting up...
Startup Phase 1 complete
Startup Phase 2 complete
Creating stub renderer...
Listening on: 127.0.0.1:38799
Startup Phase 3 complete. Ready for commands.
ConnectHandler: Request from 127.0.0.1:51056 accepted
ReadyHandler: 127.0.0.1:51056 ready
Requesting to join a single player game
Configuring interface options
Configure: raw interface enabled
Configure: feature layer interface disabled
Configure: score interface disabled
Configure: render interface disabled
Launching next game.
Next launch phase started: 2
Next launch phase started: 3
Next launch phase started: 4
Next launch phase started: 5
Next launch phase started: 6
Next launch phase started: 7
Next launch phase started: 8
Game has started.
Using default stable ids, none found at: /home/yamoling/3rdparty/StarCraftII/stableid.json
Successfully loaded stable ids: GameData\stableid.json
Sending ResponseJoinGame
RequestQuit command received.
Closing Application...
DataHandler: unable to parse websocket frame.
CloseHandler: 127.0.0.1:48766 disconnected
Version: B75689 (SC2.4.10)
Build: Aug 12 2019 17:16:57
Command Line: '"/home/yamoling/3rdparty/StarCraftII/Versions/Base75689/SC2_x64" -listen 127.0.0.1 -port 34953 -dataDir /home/yamoling/3rdparty/StarCraftII/ -tempDir /tmp/sc-8me6vybx/'
Starting up...
Startup Phase 1 complete
Startup Phase 2 complete
Creating stub renderer...
Listening on: 127.0.0.1:34953
Startup Phase 3 complete. Ready for commands.
ConnectHandler: Request from 127.0.0.1:45572 accepted
ReadyHandler: 127.0.0.1:45572 ready
Requesting to join a single player game
Configuring interface options
Configure: raw interface enabled
Configure: feature layer interface disabled
Configure: score interface disabled
Configure: render interface disabled
Launching next game.
Next launch phase started: 2
Next launch phase started: 3
Next launch phase started: 4
Next launch phase started: 5
Next launch phase started: 6
Next launch phase started: 7
Next launch phase started: 8
RequestQuit command received.
Closing Application...
DataHandler: unable to parse websocket frame.
CloseHandler: 127.0.0.1:44218 disconnected
Version: B75689 (SC2.4.10)
Build: Aug 12 2019 17:16:57
Command Line: '"/home/yamoling/3rdparty/StarCraftII/Versions/Base75689/SC2_x64" -listen 127.0.0.1 -port 44613 -dataDir /home/yamoling/3rdparty/StarCraftII/ -tempDir /tmp/sc-ee5gon1d/'
Starting up...
Startup Phase 1 complete
Startup Phase 2 complete
Creating stub renderer...
Listening on: 127.0.0.1:44613
Startup Phase 3 complete. Ready for commands.
ConnectHandler: Request from 127.0.0.1:49134 accepted
ReadyHandler: 127.0.0.1:49134 ready
Requesting to join a single player game
Configuring interface options
Configure: raw interface enabled
Configure: feature layer interface disabled
Configure: score interface disabled
Configure: render interface disabled
Launching next game.
Next launch phase started: 2
Next launch phase started: 3
Next launch phase started: 4
Next launch phase started: 5
Next launch phase started: 6
Next launch phase started: 7
Next launch phase started: 8
Game has started.
Using default stable ids, none found at: /home/yamoling/3rdparty/StarCraftII/stableid.json
Successfully loaded stable ids: GameData\stableid.json
Sending ResponseJoinGame
Game has started.
Using default stable ids, none found at: /home/yamoling/3rdparty/StarCraftII/stableid.json
Successfully loaded stable ids: GameData\stableid.json
Sending ResponseJoinGame
RequestQuit command received.
Closing Application...
DataHandler: unable to parse websocket frame.
CloseHandler: 127.0.0.1:36362 disconnected
Version: B75689 (SC2.4.10)
Build: Aug 12 2019 17:16:57
Command Line: '"/home/yamoling/3rdparty/StarCraftII/Versions/Base75689/SC2_x64" -listen 127.0.0.1 -port 40091 -dataDir /home/yamoling/3rdparty/StarCraftII/ -tempDir /tmp/sc-vtv_uzn2/'
Starting up...
Startup Phase 1 complete
Startup Phase 2 complete
Creating stub renderer...
Listening on: 127.0.0.1:40091
Startup Phase 3 complete. Ready for commands.
ConnectHandler: Request from 127.0.0.1:33828 accepted
ReadyHandler: 127.0.0.1:33828 ready
Requesting to join a single player game
Configuring interface options
Configure: raw interface enabled
Configure: feature layer interface disabled
Configure: score interface disabled
Configure: render interface disabled
Launching next game.
Next launch phase started: 2
Next launch phase started: 3
Next launch phase started: 4
Next launch phase started: 5
Next launch phase started: 6
Next launch phase started: 7
Next launch phase started: 8
Game has started.
Using default stable ids, none found at: /home/yamoling/3rdparty/StarCraftII/stableid.json
Successfully loaded stable ids: GameData\stableid.json
Sending ResponseJoinGame
RequestQuit command received.
Closing Application...
DataHandler: unable to parse websocket frame.
CloseHandler: 127.0.0.1:47970 disconnected
Version: B75689 (SC2.4.10)
Build: Aug 12 2019 17:16:57
Command Line: '"/home/yamoling/3rdparty/StarCraftII/Versions/Base75689/SC2_x64" -listen 127.0.0.1 -port 39171 -dataDir /home/yamoling/3rdparty/StarCraftII/ -tempDir /tmp/sc-445fpssh/'
Starting up...
Startup Phase 1 complete
Startup Phase 2 complete
Creating stub renderer...
Listening on: 127.0.0.1:39171
Startup Phase 3 complete. Ready for commands.
ConnectHandler: Request from 127.0.0.1:51448 accepted
ReadyHandler: 127.0.0.1:51448 ready
Requesting to join a single player game
Configuring interface options
Configure: raw interface enabled
Configure: feature layer interface disabled
Configure: score interface disabled
Configure: render interface disabled
Launching next game.
Next launch phase started: 2
Next launch phase started: 3
Next launch phase started: 4
Next launch phase started: 5
Next launch phase started: 6
Next launch phase started: 7
Next launch phase started: 8
Game has started.
Using default stable ids, none found at: /home/yamoling/3rdparty/StarCraftII/stableid.json
Successfully loaded stable ids: GameData\stableid.json
Sending ResponseJoinGame
RequestQuit command received.
Closing Application...
DataHandler: unable to parse websocket frame.
CloseHandler: 127.0.0.1:44832 disconnected
Version: B75689 (SC2.4.10)
Build: Aug 12 2019 17:16:57
Command Line: '"/home/yamoling/3rdparty/StarCraftII/Versions/Base75689/SC2_x64" -listen 127.0.0.1 -port 34069 -dataDir /home/yamoling/3rdparty/StarCraftII/ -tempDir /tmp/sc-f2n9p52r/'
Starting up...
Startup Phase 1 complete
Startup Phase 2 complete
Creating stub renderer...
Listening on: 127.0.0.1:34069
Startup Phase 3 complete. Ready for commands.
ConnectHandler: Request from 127.0.0.1:52588 accepted
ReadyHandler: 127.0.0.1:52588 ready
Requesting to join a single player game
Configuring interface options
Configure: raw interface enabled
Configure: feature layer interface disabled
Configure: score interface disabled
Configure: render interface disabled
Launching next game.
Next launch phase started: 2
Next launch phase started: 3
Next launch phase started: 4
Next launch phase started: 5
Next launch phase started: 6
Next launch phase started: 7
Next launch phase started: 8
Game has started.
Using default stable ids, none found at: /home/yamoling/3rdparty/StarCraftII/stableid.json
Successfully loaded stable ids: GameData\stableid.json
Sending ResponseJoinGame
RequestQuit command received.
Closing Application...
DataHandler: unable to parse websocket frame.
CloseHandler: 127.0.0.1:49134 disconnected
Version: B75689 (SC2.4.10)
Build: Aug 12 2019 17:16:57
Command Line: '"/home/yamoling/3rdparty/StarCraftII/Versions/Base75689/SC2_x64" -listen 127.0.0.1 -port 44639 -dataDir /home/yamoling/3rdparty/StarCraftII/ -tempDir /tmp/sc-jmfumix3/'
Starting up...
Startup Phase 1 complete
Startup Phase 2 complete
Creating stub renderer...
Listening on: 127.0.0.1:44639
Startup Phase 3 complete. Ready for commands.
ConnectHandler: Request from 127.0.0.1:34576 accepted
ReadyHandler: 127.0.0.1:34576 ready
Requesting to join a single player game
Configuring interface options
Configure: raw interface enabled
Configure: feature layer interface disabled
Configure: score interface disabled
Configure: render interface disabled
Launching next game.
Next launch phase started: 2
Next launch phase started: 3
Next launch phase started: 4
Next launch phase started: 5
Next launch phase started: 6
Next launch phase started: 7
Next launch phase started: 8
Game has started.
Using default stable ids, none found at: /home/yamoling/3rdparty/StarCraftII/stableid.json
Successfully loaded stable ids: GameData\stableid.json
Sending ResponseJoinGame
RequestQuit command received.
Closing Application...
DataHandler: unable to parse websocket frame.
CloseHandler: 127.0.0.1:51056 disconnected
Version: B75689 (SC2.4.10)
Build: Aug 12 2019 17:16:57
Command Line: '"/home/yamoling/3rdparty/StarCraftII/Versions/Base75689/SC2_x64" -listen 127.0.0.1 -port 36727 -dataDir /home/yamoling/3rdparty/StarCraftII/ -tempDir /tmp/sc-mbb3d_8v/'
Starting up...
Startup Phase 1 complete
Startup Phase 2 complete
Creating stub renderer...
Listening on: 127.0.0.1:36727
Startup Phase 3 complete. Ready for commands.
ConnectHandler: Request from 127.0.0.1:58940 accepted
ReadyHandler: 127.0.0.1:58940 ready
Requesting to join a single player game
Configuring interface options
Configure: raw interface enabled
Configure: feature layer interface disabled
Configure: score interface disabled
Configure: render interface disabled
Launching next game.
Next launch phase started: 2
Next launch phase started: 3
Next launch phase started: 4
Next launch phase started: 5
Next launch phase started: 6
Next launch phase started: 7
Next launch phase started: 8
Game has started.
Using default stable ids, none found at: /home/yamoling/3rdparty/StarCraftII/stableid.json
Successfully loaded stable ids: GameData\stableid.json
Sending ResponseJoinGame
RequestQuit command received.
DataHandler: unable to parse websocket frame.
CloseHandler: 127.0.0.1:45572 disconnected
Closing Application...
Version: B75689 (SC2.4.10)
Build: Aug 12 2019 17:16:57
Command Line: '"/home/yamoling/3rdparty/StarCraftII/Versions/Base75689/SC2_x64" -listen 127.0.0.1 -port 34071 -dataDir /home/yamoling/3rdparty/StarCraftII/ -tempDir /tmp/sc-qn85k6ho/'
Starting up...
Startup Phase 1 complete
Startup Phase 2 complete
Creating stub renderer...
Listening on: 127.0.0.1:34071
Startup Phase 3 complete. Ready for commands.
ConnectHandler: Request from 127.0.0.1:38824 accepted
ReadyHandler: 127.0.0.1:38824 ready
Requesting to join a single player game
Configuring interface options
Configure: raw interface enabled
Configure: feature layer interface disabled
Configure: score interface disabled
Configure: render interface disabled
Launching next game.
Next launch phase started: 2
Next launch phase started: 3
Next launch phase started: 4
Next launch phase started: 5
Next launch phase started: 6
Next launch phase started: 7
Next launch phase started: 8
Game has started.
Using default stable ids, none found at: /home/yamoling/3rdparty/StarCraftII/stableid.json
Successfully loaded stable ids: GameData\stableid.json
Sending ResponseJoinGame
RequestQuit command received.
Closing Application...
DataHandler: unable to parse websocket frame.
CloseHandler: 127.0.0.1:33828 disconnected
Version: B75689 (SC2.4.10)
Build: Aug 12 2019 17:16:57
Command Line: '"/home/yamoling/3rdparty/StarCraftII/Versions/Base75689/SC2_x64" -listen 127.0.0.1 -port 39371 -dataDir /home/yamoling/3rdparty/StarCraftII/ -tempDir /tmp/sc-qqi275el/'
Starting up...
Startup Phase 1 complete
Startup Phase 2 complete
Creating stub renderer...
Listening on: 127.0.0.1:39371
Startup Phase 3 complete. Ready for commands.
ConnectHandler: Request from 127.0.0.1:60182 accepted
ReadyHandler: 127.0.0.1:60182 ready
Requesting to join a single player game
Configuring interface options
Configure: raw interface enabled
Configure: feature layer interface disabled
Configure: score interface disabled
Configure: render interface disabled
Launching next game.
Next launch phase started: 2
Next launch phase started: 3
Next launch phase started: 4
Next launch phase started: 5
Next launch phase started: 6
Next launch phase started: 7
Next launch phase started: 8
Game has started.
Using default stable ids, none found at: /home/yamoling/3rdparty/StarCraftII/stableid.json
Successfully loaded stable ids: GameData\stableid.json
Sending ResponseJoinGame
RequestQuit command received.
DataHandler: unable to parse websocket frame.
Closing Application...
CloseHandler: 127.0.0.1:51448 disconnected
Version: B75689 (SC2.4.10)
Build: Aug 12 2019 17:16:57
Command Line: '"/home/yamoling/3rdparty/StarCraftII/Versions/Base75689/SC2_x64" -listen 127.0.0.1 -port 36233 -dataDir /home/yamoling/3rdparty/StarCraftII/ -tempDir /tmp/sc-m26d2da5/'
Starting up...
Startup Phase 1 complete
Startup Phase 2 complete
Creating stub renderer...
Listening on: 127.0.0.1:36233
Startup Phase 3 complete. Ready for commands.
ConnectHandler: Request from 127.0.0.1:57828 accepted
ReadyHandler: 127.0.0.1:57828 ready
Requesting to join a single player game
Configuring interface options
Configure: raw interface enabled
Configure: feature layer interface disabled
Configure: score interface disabled
Configure: render interface disabled
Launching next game.
Next launch phase started: 2
Next launch phase started: 3
Next launch phase started: 4
Next launch phase started: 5
Next launch phase started: 6
Next launch phase started: 7
Next launch phase started: 8
Game has started.
Using default stable ids, none found at: /home/yamoling/3rdparty/StarCraftII/stableid.json
Successfully loaded stable ids: GameData\stableid.json
Sending ResponseJoinGame
RequestQuit command received.
DataHandler: unable to parse websocket frame.
Closing Application...
CloseHandler: 127.0.0.1:52588 disconnected
ResponseThread: No connection, dropping the response.
Version: B75689 (SC2.4.10)
Build: Aug 12 2019 17:16:57
Command Line: '"/home/yamoling/3rdparty/StarCraftII/Versions/Base75689/SC2_x64" -listen 127.0.0.1 -port 43491 -dataDir /home/yamoling/3rdparty/StarCraftII/ -tempDir /tmp/sc-riuy5o43/'
Starting up...
Startup Phase 1 complete
Startup Phase 2 complete
Creating stub renderer...
Listening on: 127.0.0.1:43491
Startup Phase 3 complete. Ready for commands.
ConnectHandler: Request from 127.0.0.1:35176 accepted
ReadyHandler: 127.0.0.1:35176 ready
Requesting to join a single player game
Configuring interface options
Configure: raw interface enabled
Configure: feature layer interface disabled
Configure: score interface disabled
Configure: render interface disabled
Launching next game.
Next launch phase started: 2
Next launch phase started: 3
Next launch phase started: 4
Next launch phase started: 5
Next launch phase started: 6
Next launch phase started: 7
Next launch phase started: 8
Game has started.
Using default stable ids, none found at: /home/yamoling/3rdparty/StarCraftII/stableid.json
Successfully loaded stable ids: GameData\stableid.json
Sending ResponseJoinGame
RequestQuit command received.
Closing Application...
DataHandler: unable to parse websocket frame.
CloseHandler: 127.0.0.1:34576 disconnected
Version: B75689 (SC2.4.10)
Build: Aug 12 2019 17:16:57
Command Line: '"/home/yamoling/3rdparty/StarCraftII/Versions/Base75689/SC2_x64" -listen 127.0.0.1 -port 37879 -dataDir /home/yamoling/3rdparty/StarCraftII/ -tempDir /tmp/sc-9kj9641l/'
Starting up...
Startup Phase 1 complete
Startup Phase 2 complete
Creating stub renderer...
Listening on: 127.0.0.1:37879
Startup Phase 3 complete. Ready for commands.
ConnectHandler: Request from 127.0.0.1:37102 accepted
ReadyHandler: 127.0.0.1:37102 ready
Requesting to join a single player game
Configuring interface options
Configure: raw interface enabled
Configure: feature layer interface disabled
Configure: score interface disabled
Configure: render interface disabled
Launching next game.
Next launch phase started: 2
Next launch phase started: 3
Next launch phase started: 4
Next launch phase started: 5
Next launch phase started: 6
Next launch phase started: 7
Next launch phase started: 8
Game has started.
Using default stable ids, none found at: /home/yamoling/3rdparty/StarCraftII/stableid.json
Successfully loaded stable ids: GameData\stableid.json
Sending ResponseJoinGame
RequestQuit command received.
DataHandler: unable to parse websocket frame.
Closing Application...
CloseHandler: 127.0.0.1:58940 disconnected
Version: B75689 (SC2.4.10)
Build: Aug 12 2019 17:16:57
Command Line: '"/home/yamoling/3rdparty/StarCraftII/Versions/Base75689/SC2_x64" -listen 127.0.0.1 -port 44069 -dataDir /home/yamoling/3rdparty/StarCraftII/ -tempDir /tmp/sc-hms8ps6b/'
Starting up...
Startup Phase 1 complete
Startup Phase 2 complete
Creating stub renderer...
Listening on: 127.0.0.1:44069
Startup Phase 3 complete. Ready for commands.
ConnectHandler: Request from 127.0.0.1:45756 accepted
ReadyHandler: 127.0.0.1:45756 ready
Requesting to join a single player game
Configuring interface options
Configure: raw interface enabled
Configure: feature layer interface disabled
Configure: score interface disabled
Configure: render interface disabled
Launching next game.
Next launch phase started: 2
Next launch phase started: 3
Next launch phase started: 4
Next launch phase started: 5
Next launch phase started: 6
Next launch phase started: 7
Next launch phase started: 8
Game has started.
Using default stable ids, none found at: /home/yamoling/3rdparty/StarCraftII/stableid.json
Successfully loaded stable ids: GameData\stableid.json
Sending ResponseJoinGame
DataHandler: unable to parse websocket frame.
CloseHandler: 127.0.0.1:38824 disconnected
Version: B75689 (SC2.4.10)
Build: Aug 12 2019 17:16:57
Command Line: '"/home/yamoling/3rdparty/StarCraftII/Versions/Base75689/SC2_x64" -listen 127.0.0.1 -port 39697 -dataDir /home/yamoling/3rdparty/StarCraftII/ -tempDir /tmp/sc-l0luzlgu/'
Starting up...
Startup Phase 1 complete
Startup Phase 2 complete
Creating stub renderer...
Listening on: 127.0.0.1:39697
Startup Phase 3 complete. Ready for commands.
ConnectHandler: Request from 127.0.0.1:40710 accepted
ReadyHandler: 127.0.0.1:40710 ready
Requesting to join a single player game
Configuring interface options
Configure: raw interface enabled
Configure: feature layer interface disabled
Configure: score interface disabled
Configure: render interface disabled
Launching next game.
Next launch phase started: 2
Next launch phase started: 3
Next launch phase started: 4
Next launch phase started: 5
Next launch phase started: 6
Next launch phase started: 7
Next launch phase started: 8
Game has started.
Using default stable ids, none found at: /home/yamoling/3rdparty/StarCraftII/stableid.json
Successfully loaded stable ids: GameData\stableid.json
Sending ResponseJoinGame
RequestQuit command received.
Closing Application...
DataHandler: unable to parse websocket frame.
CloseHandler: 127.0.0.1:60182 disconnected
Version: B75689 (SC2.4.10)
Build: Aug 12 2019 17:16:57
Command Line: '"/home/yamoling/3rdparty/StarCraftII/Versions/Base75689/SC2_x64" -listen 127.0.0.1 -port 35355 -dataDir /home/yamoling/3rdparty/StarCraftII/ -tempDir /tmp/sc-0mnwaxab/'
Starting up...
Startup Phase 1 complete
Startup Phase 2 complete
Creating stub renderer...
Listening on: 127.0.0.1:35355
Startup Phase 3 complete. Ready for commands.
ConnectHandler: Request from 127.0.0.1:39784 accepted
ReadyHandler: 127.0.0.1:39784 ready
Requesting to join a single player game
Configuring interface options
Configure: raw interface enabled
Configure: feature layer interface disabled
Configure: score interface disabled
Configure: render interface disabled
Launching next game.
Next launch phase started: 2
Next launch phase started: 3
Next launch phase started: 4
Next launch phase started: 5
Next launch phase started: 6
Next launch phase started: 7
Next launch phase started: 8
Game has started.
Using default stable ids, none found at: /home/yamoling/3rdparty/StarCraftII/stableid.json
Successfully loaded stable ids: GameData\stableid.json
Sending ResponseJoinGame
RequestQuit command received.
Closing Application...
DataHandler: unable to parse websocket frame.
CloseHandler: 127.0.0.1:57828 disconnected
Version: B75689 (SC2.4.10)
Build: Aug 12 2019 17:16:57
Command Line: '"/home/yamoling/3rdparty/StarCraftII/Versions/Base75689/SC2_x64" -listen 127.0.0.1 -port 46849 -dataDir /home/yamoling/3rdparty/StarCraftII/ -tempDir /tmp/sc-2pt0fpjv/'
Starting up...
Startup Phase 1 complete
Startup Phase 2 complete
Creating stub renderer...
Listening on: 127.0.0.1:46849
Startup Phase 3 complete. Ready for commands.
ConnectHandler: Request from 127.0.0.1:45624 accepted
ReadyHandler: 127.0.0.1:45624 ready
Requesting to join a single player game
Configuring interface options
Configure: raw interface enabled
Configure: feature layer interface disabled
Configure: score interface disabled
Configure: render interface disabled
Launching next game.
Next launch phase started: 2
Next launch phase started: 3
Next launch phase started: 4
Next launch phase started: 5
Next launch phase started: 6
Next launch phase started: 7
Next launch phase started: 8
Game has started.
Using default stable ids, none found at: /home/yamoling/3rdparty/StarCraftII/stableid.json
Successfully loaded stable ids: GameData\stableid.json
Sending ResponseJoinGame
DataHandler: unable to parse websocket frame.
RequestQuit command received.
Closing Application...
CloseHandler: 127.0.0.1:35176 disconnected
Version: B75689 (SC2.4.10)
Build: Aug 12 2019 17:16:57
Command Line: '"/home/yamoling/3rdparty/StarCraftII/Versions/Base75689/SC2_x64" -listen 127.0.0.1 -port 33821 -dataDir /home/yamoling/3rdparty/StarCraftII/ -tempDir /tmp/sc-5eo6rhp3/'
Starting up...
Startup Phase 1 complete
Startup Phase 2 complete
Creating stub renderer...
Listening on: 127.0.0.1:33821
Startup Phase 3 complete. Ready for commands.
ConnectHandler: Request from 127.0.0.1:54084 accepted
ReadyHandler: 127.0.0.1:54084 ready
Requesting to join a single player game
Configuring interface options
Configure: raw interface enabled
Configure: feature layer interface disabled
Configure: score interface disabled
Configure: render interface disabled
Launching next game.
Next launch phase started: 2
Next launch phase started: 3
Next launch phase started: 4
Next launch phase started: 5
Next launch phase started: 6
Next launch phase started: 7
Next launch phase started: 8
Game has started.
Using default stable ids, none found at: /home/yamoling/3rdparty/StarCraftII/stableid.json
Successfully loaded stable ids: GameData\stableid.json
Sending ResponseJoinGame
RequestQuit command received.
DataHandler: unable to parse websocket frame.
Closing Application...
CloseHandler: 127.0.0.1:37102 disconnected
Version: B75689 (SC2.4.10)
Build: Aug 12 2019 17:16:57
Command Line: '"/home/yamoling/3rdparty/StarCraftII/Versions/Base75689/SC2_x64" -listen 127.0.0.1 -port 43471 -dataDir /home/yamoling/3rdparty/StarCraftII/ -tempDir /tmp/sc-n1rdgl7d/'
Starting up...
Startup Phase 1 complete
Startup Phase 2 complete
Creating stub renderer...
Listening on: 127.0.0.1:43471
Startup Phase 3 complete. Ready for commands.
ConnectHandler: Request from 127.0.0.1:55402 accepted
ReadyHandler: 127.0.0.1:55402 ready
Requesting to join a single player game
Configuring interface options
Configure: raw interface enabled
Configure: feature layer interface disabled
Configure: score interface disabled
Configure: render interface disabled
Launching next game.
Next launch phase started: 2
Next launch phase started: 3
Next launch phase started: 4
Next launch phase started: 5
Next launch phase started: 6
Next launch phase started: 7
Next launch phase started: 8
Game has started.
Using default stable ids, none found at: /home/yamoling/3rdparty/StarCraftII/stableid.json
Successfully loaded stable ids: GameData\stableid.json
Sending ResponseJoinGame
RequestQuit command received.
Closing Application...
DataHandler: unable to parse websocket frame.
CloseHandler: 127.0.0.1:40710 disconnected
Version: B75689 (SC2.4.10)
Build: Aug 12 2019 17:16:57
Command Line: '"/home/yamoling/3rdparty/StarCraftII/Versions/Base75689/SC2_x64" -listen 127.0.0.1 -port 43969 -dataDir /home/yamoling/3rdparty/StarCraftII/ -tempDir /tmp/sc-tgbxmf12/'
Starting up...
Startup Phase 1 complete
Startup Phase 2 complete
Creating stub renderer...
Listening on: 127.0.0.1:43969
Startup Phase 3 complete. Ready for commands.
ConnectHandler: Request from 127.0.0.1:51862 accepted
ReadyHandler: 127.0.0.1:51862 ready
Requesting to join a single player game
Configuring interface options
Configure: raw interface enabled
Configure: feature layer interface disabled
Configure: score interface disabled
Configure: render interface disabled
Launching next game.
Next launch phase started: 2
Next launch phase started: 3
Next launch phase started: 4
Next launch phase started: 5
Next launch phase started: 6
Next launch phase started: 7
Next launch phase started: 8
RequestQuit command received.
Closing Application...
DataHandler: unable to parse websocket frame.
CloseHandler: 127.0.0.1:45756 disconnected
Version: B75689 (SC2.4.10)
Build: Aug 12 2019 17:16:57
Command Line: '"/home/yamoling/3rdparty/StarCraftII/Versions/Base75689/SC2_x64" -listen 127.0.0.1 -port 43919 -dataDir /home/yamoling/3rdparty/StarCraftII/ -tempDir /tmp/sc-093kkwej/'
Starting up...
Startup Phase 1 complete
Startup Phase 2 complete
Creating stub renderer...
Listening on: 127.0.0.1:43919
Startup Phase 3 complete. Ready for commands.
ConnectHandler: Request from 127.0.0.1:41422 accepted
ReadyHandler: 127.0.0.1:41422 ready
Requesting to join a single player game
Configuring interface options
Configure: raw interface enabled
Configure: feature layer interface disabled
Configure: score interface disabled
Configure: render interface disabled
Launching next game.
Next launch phase started: 2
Next launch phase started: 3
Next launch phase started: 4
Next launch phase started: 5
Next launch phase started: 6
Next launch phase started: 7
Next launch phase started: 8
Game has started.
Using default stable ids, none found at: /home/yamoling/3rdparty/StarCraftII/stableid.json
Successfully loaded stable ids: GameData\stableid.json
Sending ResponseJoinGame
Game has started.
Using default stable ids, none found at: /home/yamoling/3rdparty/StarCraftII/stableid.json
Successfully loaded stable ids: GameData\stableid.json
Sending ResponseJoinGame
DataHandler: unable to parse websocket frame.
CloseHandler: 127.0.0.1:39784 disconnected
RequestQuit command received.
QueueResponse: No outstanding requests to this connection, dropping response: quit, id: 999999999
Closing Application...
Version: B75689 (SC2.4.10)
Build: Aug 12 2019 17:16:57
Command Line: '"/home/yamoling/3rdparty/StarCraftII/Versions/Base75689/SC2_x64" -listen 127.0.0.1 -port 44197 -dataDir /home/yamoling/3rdparty/StarCraftII/ -tempDir /tmp/sc-hq4i_vjn/'
Starting up...
Startup Phase 1 complete
Startup Phase 2 complete
Creating stub renderer...
Listening on: 127.0.0.1:44197
Startup Phase 3 complete. Ready for commands.
ConnectHandler: Request from 127.0.0.1:38414 accepted
ReadyHandler: 127.0.0.1:38414 ready
Requesting to join a single player game
Configuring interface options
Configure: raw interface enabled
Configure: feature layer interface disabled
Configure: score interface disabled
Configure: render interface disabled
Launching next game.
Next launch phase started: 2
Next launch phase started: 3
Next launch phase started: 4
Next launch phase started: 5
Next launch phase started: 6
Next launch phase started: 7
Next launch phase started: 8
Game has started.
Using default stable ids, none found at: /home/yamoling/3rdparty/StarCraftII/stableid.json
Successfully loaded stable ids: GameData\stableid.json
Sending ResponseJoinGame
RequestQuit command received.
Closing Application...
DataHandler: unable to parse websocket frame.
CloseHandler: 127.0.0.1:45624 disconnected
Version: B75689 (SC2.4.10)
Build: Aug 12 2019 17:16:57
Command Line: '"/home/yamoling/3rdparty/StarCraftII/Versions/Base75689/SC2_x64" -listen 127.0.0.1 -port 40201 -dataDir /home/yamoling/3rdparty/StarCraftII/ -tempDir /tmp/sc-9sae9sce/'
Starting up...
Startup Phase 1 complete
Startup Phase 2 complete
Creating stub renderer...
Listening on: 127.0.0.1:40201
Startup Phase 3 complete. Ready for commands.
ConnectHandler: Request from 127.0.0.1:57636 accepted
ReadyHandler: 127.0.0.1:57636 ready
Requesting to join a single player game
Configuring interface options
Configure: raw interface enabled
Configure: feature layer interface disabled
Configure: score interface disabled
Configure: render interface disabled
Launching next game.
Next launch phase started: 2
Next launch phase started: 3
Next launch phase started: 4
Next launch phase started: 5
Next launch phase started: 6
Next launch phase started: 7
Next launch phase started: 8
Game has started.
Using default stable ids, none found at: /home/yamoling/3rdparty/StarCraftII/stableid.json
Successfully loaded stable ids: GameData\stableid.json
Sending ResponseJoinGame
DataHandler: unable to parse websocket frame.
CloseHandler: 127.0.0.1:54084 disconnected
Version: B75689 (SC2.4.10)
Build: Aug 12 2019 17:16:57
Command Line: '"/home/yamoling/3rdparty/StarCraftII/Versions/Base75689/SC2_x64" -listen 127.0.0.1 -port 43635 -dataDir /home/yamoling/3rdparty/StarCraftII/ -tempDir /tmp/sc-_15kv2rf/'
Starting up...
Startup Phase 1 complete
Startup Phase 2 complete
Creating stub renderer...
Listening on: 127.0.0.1:43635
Startup Phase 3 complete. Ready for commands.
ConnectHandler: Request from 127.0.0.1:53582 accepted
ReadyHandler: 127.0.0.1:53582 ready
Requesting to join a single player game
Configuring interface options
Configure: raw interface enabled
Configure: feature layer interface disabled
Configure: score interface disabled
Configure: render interface disabled
Launching next game.
Next launch phase started: 2
Next launch phase started: 3
Next launch phase started: 4
Next launch phase started: 5
Next launch phase started: 6
Next launch phase started: 7
Next launch phase started: 8
Game has started.
Using default stable ids, none found at: /home/yamoling/3rdparty/StarCraftII/stableid.json
Successfully loaded stable ids: GameData\stableid.json
Sending ResponseJoinGame
RequestQuit command received.
DataHandler: unable to parse websocket frame.
CloseHandler: 127.0.0.1:55402 disconnected
Closing Application...
Version: B75689 (SC2.4.10)
Build: Aug 12 2019 17:16:57
Command Line: '"/home/yamoling/3rdparty/StarCraftII/Versions/Base75689/SC2_x64" -listen 127.0.0.1 -port 34781 -dataDir /home/yamoling/3rdparty/StarCraftII/ -tempDir /tmp/sc-0hu8rgbb/'
Starting up...
Startup Phase 1 complete
Startup Phase 2 complete
Creating stub renderer...
Listening on: 127.0.0.1:34781
Startup Phase 3 complete. Ready for commands.
ConnectHandler: Request from 127.0.0.1:49262 accepted
ReadyHandler: 127.0.0.1:49262 ready
Requesting to join a single player game
Configuring interface options
Configure: raw interface enabled
Configure: feature layer interface disabled
Configure: score interface disabled
Configure: render interface disabled
Launching next game.
Next launch phase started: 2
Next launch phase started: 3
Next launch phase started: 4
Next launch phase started: 5
Next launch phase started: 6
Next launch phase started: 7
Next launch phase started: 8
Game has started.
Using default stable ids, none found at: /home/yamoling/3rdparty/StarCraftII/stableid.json
Successfully loaded stable ids: GameData\stableid.json
Sending ResponseJoinGame
RequestQuit command received.
Closing Application...
DataHandler: unable to parse websocket frame.
CloseHandler: 127.0.0.1:51862 disconnected
Version: B75689 (SC2.4.10)
Build: Aug 12 2019 17:16:57
Command Line: '"/home/yamoling/3rdparty/StarCraftII/Versions/Base75689/SC2_x64" -listen 127.0.0.1 -port 33313 -dataDir /home/yamoling/3rdparty/StarCraftII/ -tempDir /tmp/sc-01tguzzy/'
Starting up...
Startup Phase 1 complete
Startup Phase 2 complete
Creating stub renderer...
Listening on: 127.0.0.1:33313
Startup Phase 3 complete. Ready for commands.
ConnectHandler: Request from 127.0.0.1:41016 accepted
ReadyHandler: 127.0.0.1:41016 ready
Requesting to join a single player game
Configuring interface options
Configure: raw interface enabled
Configure: feature layer interface disabled
Configure: score interface disabled
Configure: render interface disabled
Launching next game.
Next launch phase started: 2
Next launch phase started: 3
Next launch phase started: 4
Next launch phase started: 5
Next launch phase started: 6
Next launch phase started: 7
Next launch phase started: 8
Game has started.
Using default stable ids, none found at: /home/yamoling/3rdparty/StarCraftII/stableid.json
Successfully loaded stable ids: GameData\stableid.json
Sending ResponseJoinGame
RequestQuit command received.
Closing Application...
DataHandler: unable to parse websocket frame.
CloseHandler: 127.0.0.1:41422 disconnected
Version: B75689 (SC2.4.10)
Build: Aug 12 2019 17:16:57
Command Line: '"/home/yamoling/3rdparty/StarCraftII/Versions/Base75689/SC2_x64" -listen 127.0.0.1 -port 43815 -dataDir /home/yamoling/3rdparty/StarCraftII/ -tempDir /tmp/sc-99krei83/'
Starting up...
Startup Phase 1 complete
Startup Phase 2 complete
Creating stub renderer...
Listening on: 127.0.0.1:43815
Startup Phase 3 complete. Ready for commands.
ConnectHandler: Request from 127.0.0.1:34022 accepted
ReadyHandler: 127.0.0.1:34022 ready
Requesting to join a single player game
Configuring interface options
Configure: raw interface enabled
Configure: feature layer interface disabled
Configure: score interface disabled
Configure: render interface disabled
Launching next game.
Next launch phase started: 2
Next launch phase started: 3
Next launch phase started: 4
Next launch phase started: 5
Next launch phase started: 6
Next launch phase started: 7
Next launch phase started: 8
Game has started.
Using default stable ids, none found at: /home/yamoling/3rdparty/StarCraftII/stableid.json
Successfully loaded stable ids: GameData\stableid.json
Sending ResponseJoinGame
RequestQuit command received.
Closing Application...
DataHandler: unable to parse websocket frame.
CloseHandler: 127.0.0.1:38414 disconnected
Version: B75689 (SC2.4.10)
Build: Aug 12 2019 17:16:57
Command Line: '"/home/yamoling/3rdparty/StarCraftII/Versions/Base75689/SC2_x64" -listen 127.0.0.1 -port 35913 -dataDir /home/yamoling/3rdparty/StarCraftII/ -tempDir /tmp/sc-z832v3jt/'
Starting up...
Startup Phase 1 complete
Startup Phase 2 complete
Creating stub renderer...
Listening on: 127.0.0.1:35913
Startup Phase 3 complete. Ready for commands.
ConnectHandler: Request from 127.0.0.1:56896 accepted
ReadyHandler: 127.0.0.1:56896 ready
Requesting to join a single player game
Configuring interface options
Configure: raw interface enabled
Configure: feature layer interface disabled
Configure: score interface disabled
Configure: render interface disabled
Launching next game.
Next launch phase started: 2
Next launch phase started: 3
Next launch phase started: 4
Next launch phase started: 5
Next launch phase started: 6
Next launch phase started: 7
Next launch phase started: 8
Game has started.
Using default stable ids, none found at: /home/yamoling/3rdparty/StarCraftII/stableid.json
Successfully loaded stable ids: GameData\stableid.json
Sending ResponseJoinGame
RequestQuit command received.
Closing Application...
DataHandler: unable to parse websocket frame.
CloseHandler: 127.0.0.1:57636 disconnected
Version: B75689 (SC2.4.10)
Build: Aug 12 2019 17:16:57
Command Line: '"/home/yamoling/3rdparty/StarCraftII/Versions/Base75689/SC2_x64" -listen 127.0.0.1 -port 46151 -dataDir /home/yamoling/3rdparty/StarCraftII/ -tempDir /tmp/sc-_5pbuttp/'
Starting up...
Startup Phase 1 complete
Startup Phase 2 complete
Creating stub renderer...
Listening on: 127.0.0.1:46151
Startup Phase 3 complete. Ready for commands.
ConnectHandler: Request from 127.0.0.1:57476 accepted
ReadyHandler: 127.0.0.1:57476 ready
Requesting to join a single player game
Configuring interface options
Configure: raw interface enabled
Configure: feature layer interface disabled
Configure: score interface disabled
Configure: render interface disabled
Launching next game.
Next launch phase started: 2
Next launch phase started: 3
Next launch phase started: 4
Next launch phase started: 5
Next launch phase started: 6
Next launch phase started: 7
Next launch phase started: 8
Game has started.
Using default stable ids, none found at: /home/yamoling/3rdparty/StarCraftII/stableid.json
Successfully loaded stable ids: GameData\stableid.json
Sending ResponseJoinGame
RequestQuit command received.
Closing Application...
DataHandler: unable to parse websocket frame.
CloseHandler: 127.0.0.1:53582 disconnected
Version: B75689 (SC2.4.10)
Build: Aug 12 2019 17:16:57
Command Line: '"/home/yamoling/3rdparty/StarCraftII/Versions/Base75689/SC2_x64" -listen 127.0.0.1 -port 34623 -dataDir /home/yamoling/3rdparty/StarCraftII/ -tempDir /tmp/sc-rikdn5y2/'
Starting up...
Startup Phase 1 complete
Startup Phase 2 complete
Creating stub renderer...
Listening on: 127.0.0.1:34623
Startup Phase 3 complete. Ready for commands.
ConnectHandler: Request from 127.0.0.1:33596 accepted
ReadyHandler: 127.0.0.1:33596 ready
Requesting to join a single player game
Configuring interface options
Configure: raw interface enabled
Configure: feature layer interface disabled
Configure: score interface disabled
Configure: render interface disabled
Launching next game.
Next launch phase started: 2
Next launch phase started: 3
Next launch phase started: 4
Next launch phase started: 5
Next launch phase started: 6
Next launch phase started: 7
Next launch phase started: 8
Game has started.
Using default stable ids, none found at: /home/yamoling/3rdparty/StarCraftII/stableid.json
Successfully loaded stable ids: GameData\stableid.json
Sending ResponseJoinGame
RequestQuit command received.
Closing Application...
DataHandler: unable to parse websocket frame.
CloseHandler: 127.0.0.1:49262 disconnected
Version: B75689 (SC2.4.10)
Build: Aug 12 2019 17:16:57
Command Line: '"/home/yamoling/3rdparty/StarCraftII/Versions/Base75689/SC2_x64" -listen 127.0.0.1 -port 36323 -dataDir /home/yamoling/3rdparty/StarCraftII/ -tempDir /tmp/sc-fp6x_q_k/'
Starting up...
Startup Phase 1 complete
Startup Phase 2 complete
Creating stub renderer...
Listening on: 127.0.0.1:36323
Startup Phase 3 complete. Ready for commands.
ConnectHandler: Request from 127.0.0.1:57162 accepted
ReadyHandler: 127.0.0.1:57162 ready
Requesting to join a single player game
Configuring interface options
Configure: raw interface enabled
Configure: feature layer interface disabled
Configure: score interface disabled
Configure: render interface disabled
Launching next game.
Next launch phase started: 2
Next launch phase started: 3
Next launch phase started: 4
Next launch phase started: 5
Next launch phase started: 6
Next launch phase started: 7
Next launch phase started: 8
Game has started.
Using default stable ids, none found at: /home/yamoling/3rdparty/StarCraftII/stableid.json
Successfully loaded stable ids: GameData\stableid.json
Sending ResponseJoinGame
RequestQuit command received.
DataHandler: unable to parse websocket frame.
Closing Application...
CloseHandler: 127.0.0.1:41016 disconnected
Version: B75689 (SC2.4.10)
Build: Aug 12 2019 17:16:57
Command Line: '"/home/yamoling/3rdparty/StarCraftII/Versions/Base75689/SC2_x64" -listen 127.0.0.1 -port 38313 -dataDir /home/yamoling/3rdparty/StarCraftII/ -tempDir /tmp/sc-msj04rz6/'
Starting up...
Startup Phase 1 complete
Startup Phase 2 complete
Creating stub renderer...
Listening on: 127.0.0.1:38313
Startup Phase 3 complete. Ready for commands.
ConnectHandler: Request from 127.0.0.1:40874 accepted
ReadyHandler: 127.0.0.1:40874 ready
Requesting to join a single player game
Configuring interface options
Configure: raw interface enabled
Configure: feature layer interface disabled
Configure: score interface disabled
Configure: render interface disabled
Launching next game.
Next launch phase started: 2
Next launch phase started: 3
Next launch phase started: 4
Next launch phase started: 5
Next launch phase started: 6
Next launch phase started: 7
Next launch phase started: 8
Game has started.
Using default stable ids, none found at: /home/yamoling/3rdparty/StarCraftII/stableid.json
Successfully loaded stable ids: GameData\stableid.json
Sending ResponseJoinGame
RequestQuit command received.
Closing Application...
DataHandler: unable to parse websocket frame.
CloseHandler: 127.0.0.1:34022 disconnected
Version: B75689 (SC2.4.10)
Build: Aug 12 2019 17:16:57
Command Line: '"/home/yamoling/3rdparty/StarCraftII/Versions/Base75689/SC2_x64" -listen 127.0.0.1 -port 32859 -dataDir /home/yamoling/3rdparty/StarCraftII/ -tempDir /tmp/sc-fy90bccj/'
Starting up...
Startup Phase 1 complete
Startup Phase 2 complete
Creating stub renderer...
Listening on: 127.0.0.1:32859
Startup Phase 3 complete. Ready for commands.
ConnectHandler: Request from 127.0.0.1:40338 accepted
ReadyHandler: 127.0.0.1:40338 ready
Requesting to join a single player game
Configuring interface options
Configure: raw interface enabled
Configure: feature layer interface disabled
Configure: score interface disabled
Configure: render interface disabled
Launching next game.
Next launch phase started: 2
Next launch phase started: 3
Next launch phase started: 4
Next launch phase started: 5
Next launch phase started: 6
Next launch phase started: 7
Next launch phase started: 8
Game has started.
Using default stable ids, none found at: /home/yamoling/3rdparty/StarCraftII/stableid.json
Successfully loaded stable ids: GameData\stableid.json
Sending ResponseJoinGame
RequestQuit command received.
Closing Application...
DataHandler: unable to parse websocket frame.
CloseHandler: 127.0.0.1:56896 disconnected
Version: B75689 (SC2.4.10)
Build: Aug 12 2019 17:16:57
Command Line: '"/home/yamoling/3rdparty/StarCraftII/Versions/Base75689/SC2_x64" -listen 127.0.0.1 -port 43963 -dataDir /home/yamoling/3rdparty/StarCraftII/ -tempDir /tmp/sc-lkd3zg0y/'
Starting up...
Startup Phase 1 complete
Startup Phase 2 complete
Creating stub renderer...
Listening on: 127.0.0.1:43963
Startup Phase 3 complete. Ready for commands.
ConnectHandler: Request from 127.0.0.1:56544 accepted
ReadyHandler: 127.0.0.1:56544 ready
Requesting to join a single player game
Configuring interface options
Configure: raw interface enabled
Configure: feature layer interface disabled
Configure: score interface disabled
Configure: render interface disabled
Launching next game.
Next launch phase started: 2
Next launch phase started: 3
Next launch phase started: 4
Next launch phase started: 5
Next launch phase started: 6
Next launch phase started: 7
Next launch phase started: 8
Game has started.
Using default stable ids, none found at: /home/yamoling/3rdparty/StarCraftII/stableid.json
Successfully loaded stable ids: GameData\stableid.json
Sending ResponseJoinGame
DataHandler: unable to parse websocket frame.
RequestQuit command received.
Closing Application...
CloseHandler: 127.0.0.1:43890 disconnected
DataHandler: unable to parse websocket frame.
RequestQuit command received.
Closing Application...
CloseHandler: 127.0.0.1:57476 disconnected
ResponseThread: No connection, dropping the response.
DataHandler: unable to parse websocket frame.
RequestQuit command received.
CloseHandler: 127.0.0.1:52492 disconnected
Closing Application...
ResponseThread: No connection, dropping the response.
DataHandler: unable to parse websocket frame.
CloseHandler: 127.0.0.1:33596 disconnected
RequestQuit command received.
QueueResponse: No outstanding requests to this connection, dropping response: quit, id: 999999999
Closing Application...
RequestQuit command received.
Closing Application...
DataHandler: unable to parse websocket frame.
CloseHandler: 127.0.0.1:51300 disconnected
DataHandler: unable to parse websocket frame.
CloseHandler: 127.0.0.1:57162 disconnected
RequestQuit command received.
QueueResponse: No outstanding requests to this connection, dropping response: quit, id: 999999999
Closing Application...
DataHandler: unable to parse websocket frame.
RequestQuit command received.
Closing Application...
CloseHandler: 127.0.0.1:55968 disconnected
ResponseThread: No connection, dropping the response.
RequestQuit command received.
Closing Application...
DataHandler: unable to parse websocket frame.
CloseHandler: 127.0.0.1:40874 disconnected
DataHandler: unable to parse websocket frame.
RequestQuit command received.
CloseHandler: 127.0.0.1:54758 disconnected
Closing Application...
ResponseThread: No connection, dropping the response.
RequestQuit command received.
Closing Application...
DataHandler: unable to parse websocket frame.
CloseHandler: 127.0.0.1:40338 disconnected
DataHandler: unable to parse websocket frame.
RequestQuit command received.
Closing Application...
CloseHandler: 127.0.0.1:58066 disconnected
ResponseThread: No connection, dropping the response.
RequestQuit command received.
Closing Application...
DataHandler: unable to parse websocket frame.
CloseHandler: 127.0.0.1:56544 disconnected
